// Jest Snapshot v1, https://goo.gl/fbAQLP

exports[`<Navigation /> should render properly 1`] = `
<div>
  <div
    class="css-1qdtt6o"
  >
    <a
      class="css-cdd0f3"
      href="/ministries/1/insights/personal"
    >
      Personal Steps
    </a>
    <a
      class="css-cdd0f3"
      href="/ministries/1/insights/steps"
    >
      Steps of Faith
    </a>
    <a
      class="css-cdd0f3"
      href="/ministries/1/insights/interactions"
    >
      Interactions
    </a>
    <a
      class="css-cdd0f3"
      href="/ministries/1/insights/challenges"
    >
      Challenges
    </a>
  </div>
</div>
`;
