// Jest Snapshot v1, https://goo.gl/fbAQLP

exports[`<Navigation /> should render properly 1`] = `
<div>
  <div
    class="css-0"
  >
    <div
      class="css-khtiwc"
    >
      <div
        class="css-19ei4c6"
      >
        <a
          class="css-1xrv2wg"
          href="/ministries/1/people"
        >
          <img />
           
          Test Organization
        </a>
      </div>
      <div
        class="css-1fj0uu0"
      >
        <a
          class="css-1c7ce92"
          href="/ministries/1/suborgs"
        >
          Ministries
        </a>
        <a
          class="css-1c7ce92"
          href="/ministries/1/team"
        >
          Team
        </a>
        <a
          class="css-1c7ce92"
          href="/ministries/1/groups"
        >
          Groups
        </a>
        <a
          class="css-1c7ce92"
          href="/ministries/1/people"
        >
          Contacts
        </a>
        <a
          class="css-1c7ce92"
          href="/ministries/1/surveyResponses"
        >
          Survey Responses
        </a>
        <a
          class="css-1c7ce92"
          href="/ministries/1/surveys"
        >
          Surveys
        </a>
        <a
          class="css-1c7ce92"
          href="/ministries/1/tools"
        >
          Tools
        </a>
        <a
          class="css-1c7ce92"
          href="/ministries/1/insights/"
        >
          Insights
        </a>
      </div>
      <div
        class="css-1gpjd5x"
      >
        <div
          class="css-ftkk7z"
        >
          test
        </div>
        <img
          class="css-144vo2n"
        />
      </div>
    </div>
    <div
      class="css-1b1qcvc"
    >
      <a
        class="css-vx1tqd"
        href="/ministries/1/insights/personal"
      >
        Personal Steps
      </a>
      <a
        class="css-vx1tqd"
        href="/ministries/1/insights/steps"
      >
        Steps of Faith
      </a>
      <a
        class="css-vx1tqd"
        href="/ministries/1/insights/interactions"
      >
        Interactions
      </a>
      <a
        class="css-vx1tqd"
        href="/ministries/1/insights/challenges"
      >
        Challenges
      </a>
    </div>
  </div>
</div>
`;

exports[`<Navigation /> should render properly loading state 1`] = `
<div>
  <div
    class="css-0"
  >
    Loading...
  </div>
</div>
`;
