// Jest Snapshot v1, https://goo.gl/fbAQLP

exports[`<StepsChart /> should render properly 1`] = `
<div>
  <div
    class="css-1a3wyyp"
  >
    Loading...
  </div>
</div>
`;

exports[`<StepsChart /> should render properly with data 1`] = `
<div>
  <div
    class="css-1a3wyyp"
  >
    <div>
      <div
        class="css-1a3wyyp"
      >
        <div
          style="position: relative;"
        >
          <svg
            height="400"
            role="img"
            width="848"
            xmlns="http://www.w3.org/2000/svg"
          >
            <rect
              fill="transparent"
              height="400"
              width="848"
            />
            <g
              transform="translate(30,30)"
            >
              <g>
                <line
                  opacity="1"
                  stroke="#ECEEF2"
                  stroke-width="1"
                  x1="0"
                  x2="818"
                  y1="280"
                  y2="280"
                />
                <line
                  opacity="1"
                  stroke="#ECEEF2"
                  stroke-width="1"
                  x1="0"
                  x2="818"
                  y1="258"
                  y2="258"
                />
                <line
                  opacity="1"
                  stroke="#ECEEF2"
                  stroke-width="1"
                  x1="0"
                  x2="818"
                  y1="235"
                  y2="235"
                />
                <line
                  opacity="1"
                  stroke="#ECEEF2"
                  stroke-width="1"
                  x1="0"
                  x2="818"
                  y1="213"
                  y2="213"
                />
                <line
                  opacity="1"
                  stroke="#ECEEF2"
                  stroke-width="1"
                  x1="0"
                  x2="818"
                  y1="190"
                  y2="190"
                />
                <line
                  opacity="1"
                  stroke="#ECEEF2"
                  stroke-width="1"
                  x1="0"
                  x2="818"
                  y1="168"
                  y2="168"
                />
                <line
                  opacity="1"
                  stroke="#ECEEF2"
                  stroke-width="1"
                  x1="0"
                  x2="818"
                  y1="146"
                  y2="146"
                />
                <line
                  opacity="1"
                  stroke="#ECEEF2"
                  stroke-width="1"
                  x1="0"
                  x2="818"
                  y1="123"
                  y2="123"
                />
                <line
                  opacity="1"
                  stroke="#ECEEF2"
                  stroke-width="1"
                  x1="0"
                  x2="818"
                  y1="101"
                  y2="101"
                />
                <line
                  opacity="1"
                  stroke="#ECEEF2"
                  stroke-width="1"
                  x1="0"
                  x2="818"
                  y1="78"
                  y2="78"
                />
                <line
                  opacity="1"
                  stroke="#ECEEF2"
                  stroke-width="1"
                  x1="0"
                  x2="818"
                  y1="56"
                  y2="56"
                />
                <line
                  opacity="1"
                  stroke="#ECEEF2"
                  stroke-width="1"
                  x1="0"
                  x2="818"
                  y1="34"
                  y2="34"
                />
                <line
                  opacity="1"
                  stroke="#ECEEF2"
                  stroke-width="1"
                  x1="0"
                  x2="818"
                  y1="11"
                  y2="11"
                />
              </g>
              <g
                transform="translate(0,280)"
              >
                <g
                  style="opacity: 1;"
                  transform="translate(239,0)"
                >
                  <line
                    style="stroke: #777777; stroke-width: 1;"
                    x1="0"
                    x2="0"
                    y1="0"
                    y2="0"
                  />
                  <text
                    dominant-baseline="text-before-edge"
                    style="font-weight: 600; letter-spacing: 1px; font-family: Source Sans Pro; font-size: 10px; fill: #B4B6BA;"
                    text-anchor="middle"
                    transform="translate(0,20) rotate(0)"
                  >
                    NO STAGE
                  </text>
                </g>
                <g
                  style="opacity: 1;"
                  transform="translate(579,0)"
                >
                  <line
                    style="stroke: #777777; stroke-width: 1;"
                    x1="0"
                    x2="0"
                    y1="0"
                    y2="0"
                  />
                  <text
                    dominant-baseline="text-before-edge"
                    style="font-weight: 600; letter-spacing: 1px; font-family: Source Sans Pro; font-size: 10px; fill: #B4B6BA;"
                    text-anchor="middle"
                    transform="translate(0,20) rotate(0)"
                  >
                    UNINTERESTED
                  </text>
                </g>
                <line
                  style="stroke: transparent; stroke-width: 1;"
                  x1="0"
                  x2="818"
                  y1="0"
                  y2="0"
                />
              </g>
              <g
                transform="translate(0,0)"
              >
                <g
                  style="opacity: 1;"
                  transform="translate(0,280)"
                >
                  <line
                    style="stroke: #777777; stroke-width: 1;"
                    x1="0"
                    x2="0"
                    y1="0"
                    y2="0"
                  />
                  <text
                    dominant-baseline="central"
                    style="font-weight: 600; letter-spacing: 1px; font-family: Source Sans Pro; font-size: 10px; fill: #B4B6BA;"
                    text-anchor="end"
                    transform="translate(-5,0) rotate(0)"
                  >
                    0
                  </text>
                </g>
                <g
                  style="opacity: 1;"
                  transform="translate(0,258)"
                >
                  <line
                    style="stroke: #777777; stroke-width: 1;"
                    x1="0"
                    x2="0"
                    y1="0"
                    y2="0"
                  />
                  <text
                    dominant-baseline="central"
                    style="font-weight: 600; letter-spacing: 1px; font-family: Source Sans Pro; font-size: 10px; fill: #B4B6BA;"
                    text-anchor="end"
                    transform="translate(-5,0) rotate(0)"
                  >
                    2
                  </text>
                </g>
                <g
                  style="opacity: 1;"
                  transform="translate(0,235)"
                >
                  <line
                    style="stroke: #777777; stroke-width: 1;"
                    x1="0"
                    x2="0"
                    y1="0"
                    y2="0"
                  />
                  <text
                    dominant-baseline="central"
                    style="font-weight: 600; letter-spacing: 1px; font-family: Source Sans Pro; font-size: 10px; fill: #B4B6BA;"
                    text-anchor="end"
                    transform="translate(-5,0) rotate(0)"
                  >
                    4
                  </text>
                </g>
                <g
                  style="opacity: 1;"
                  transform="translate(0,213)"
                >
                  <line
                    style="stroke: #777777; stroke-width: 1;"
                    x1="0"
                    x2="0"
                    y1="0"
                    y2="0"
                  />
                  <text
                    dominant-baseline="central"
                    style="font-weight: 600; letter-spacing: 1px; font-family: Source Sans Pro; font-size: 10px; fill: #B4B6BA;"
                    text-anchor="end"
                    transform="translate(-5,0) rotate(0)"
                  >
                    6
                  </text>
                </g>
                <g
                  style="opacity: 1;"
                  transform="translate(0,190)"
                >
                  <line
                    style="stroke: #777777; stroke-width: 1;"
                    x1="0"
                    x2="0"
                    y1="0"
                    y2="0"
                  />
                  <text
                    dominant-baseline="central"
                    style="font-weight: 600; letter-spacing: 1px; font-family: Source Sans Pro; font-size: 10px; fill: #B4B6BA;"
                    text-anchor="end"
                    transform="translate(-5,0) rotate(0)"
                  >
                    8
                  </text>
                </g>
                <g
                  style="opacity: 1;"
                  transform="translate(0,168)"
                >
                  <line
                    style="stroke: #777777; stroke-width: 1;"
                    x1="0"
                    x2="0"
                    y1="0"
                    y2="0"
                  />
                  <text
                    dominant-baseline="central"
                    style="font-weight: 600; letter-spacing: 1px; font-family: Source Sans Pro; font-size: 10px; fill: #B4B6BA;"
                    text-anchor="end"
                    transform="translate(-5,0) rotate(0)"
                  >
                    10
                  </text>
                </g>
                <g
                  style="opacity: 1;"
                  transform="translate(0,146)"
                >
                  <line
                    style="stroke: #777777; stroke-width: 1;"
                    x1="0"
                    x2="0"
                    y1="0"
                    y2="0"
                  />
                  <text
                    dominant-baseline="central"
                    style="font-weight: 600; letter-spacing: 1px; font-family: Source Sans Pro; font-size: 10px; fill: #B4B6BA;"
                    text-anchor="end"
                    transform="translate(-5,0) rotate(0)"
                  >
                    12
                  </text>
                </g>
                <g
                  style="opacity: 1;"
                  transform="translate(0,123)"
                >
                  <line
                    style="stroke: #777777; stroke-width: 1;"
                    x1="0"
                    x2="0"
                    y1="0"
                    y2="0"
                  />
                  <text
                    dominant-baseline="central"
                    style="font-weight: 600; letter-spacing: 1px; font-family: Source Sans Pro; font-size: 10px; fill: #B4B6BA;"
                    text-anchor="end"
                    transform="translate(-5,0) rotate(0)"
                  >
                    14
                  </text>
                </g>
                <g
                  style="opacity: 1;"
                  transform="translate(0,101)"
                >
                  <line
                    style="stroke: #777777; stroke-width: 1;"
                    x1="0"
                    x2="0"
                    y1="0"
                    y2="0"
                  />
                  <text
                    dominant-baseline="central"
                    style="font-weight: 600; letter-spacing: 1px; font-family: Source Sans Pro; font-size: 10px; fill: #B4B6BA;"
                    text-anchor="end"
                    transform="translate(-5,0) rotate(0)"
                  >
                    16
                  </text>
                </g>
                <g
                  style="opacity: 1;"
                  transform="translate(0,78)"
                >
                  <line
                    style="stroke: #777777; stroke-width: 1;"
                    x1="0"
                    x2="0"
                    y1="0"
                    y2="0"
                  />
                  <text
                    dominant-baseline="central"
                    style="font-weight: 600; letter-spacing: 1px; font-family: Source Sans Pro; font-size: 10px; fill: #B4B6BA;"
                    text-anchor="end"
                    transform="translate(-5,0) rotate(0)"
                  >
                    18
                  </text>
                </g>
                <g
                  style="opacity: 1;"
                  transform="translate(0,56)"
                >
                  <line
                    style="stroke: #777777; stroke-width: 1;"
                    x1="0"
                    x2="0"
                    y1="0"
                    y2="0"
                  />
                  <text
                    dominant-baseline="central"
                    style="font-weight: 600; letter-spacing: 1px; font-family: Source Sans Pro; font-size: 10px; fill: #B4B6BA;"
                    text-anchor="end"
                    transform="translate(-5,0) rotate(0)"
                  >
                    20
                  </text>
                </g>
                <g
                  style="opacity: 1;"
                  transform="translate(0,34)"
                >
                  <line
                    style="stroke: #777777; stroke-width: 1;"
                    x1="0"
                    x2="0"
                    y1="0"
                    y2="0"
                  />
                  <text
                    dominant-baseline="central"
                    style="font-weight: 600; letter-spacing: 1px; font-family: Source Sans Pro; font-size: 10px; fill: #B4B6BA;"
                    text-anchor="end"
                    transform="translate(-5,0) rotate(0)"
                  >
                    22
                  </text>
                </g>
                <g
                  style="opacity: 1;"
                  transform="translate(0,11)"
                >
                  <line
                    style="stroke: #777777; stroke-width: 1;"
                    x1="0"
                    x2="0"
                    y1="0"
                    y2="0"
                  />
                  <text
                    dominant-baseline="central"
                    style="font-weight: 600; letter-spacing: 1px; font-family: Source Sans Pro; font-size: 10px; fill: #B4B6BA;"
                    text-anchor="end"
                    transform="translate(-5,0) rotate(0)"
                  >
                    24
                  </text>
                </g>
                <line
                  style="stroke: transparent; stroke-width: 1;"
                  x1="0"
                  x2="0"
                  y1="0"
                  y2="280"
                />
              </g>
              <g>
                <g
                  transform="translate(137, 56)"
                >
                  <rect
                    fill="#3CC8E6"
                    height="224"
                    rx="0"
                    ry="0"
                    stroke="#3CC8E6"
                    stroke-width="0"
                    width="204"
                  />
                </g>
                <g
                  transform="translate(477, 0)"
                >
                  <rect
                    fill="#3CC8E6"
                    height="280"
                    rx="0"
                    ry="0"
                    stroke="#3CC8E6"
                    stroke-width="0"
                    width="204"
                  />
                </g>
              </g>
            </g>
          </svg>
        </div>
      </div>
      <div
        class="css-1hr8g7h"
      />
    </div>
  </div>
</div>
`;
