// Jest Snapshot v1, https://goo.gl/fbAQLP

exports[`<RangePicker /> should render properly 1`] = `
<div>
  <div
    class="css-stddre"
  >
    <div
      class="css-dkr4m8"
    />
    <div
      class="DateRangePicker DateRangePicker_1"
    >
      <div>
        <div
          class="DateRangePickerInput DateRangePickerInput_1"
        >
          <div
            class="DateInput DateInput_1"
          >
            <input
              aria-describedby="DateInput__screen-reader-message-startDateId"
              aria-label="Start Date"
              autocomplete="off"
              class="DateInput_input DateInput_input_1 DateInput_input__readOnly DateInput_input__readOnly_2"
              id="startDateId"
              name="startDateId"
              placeholder="Start Date"
              readonly=""
              type="text"
              value="07/05/2019"
            />
            <p
              class="DateInput_screenReaderMessage DateInput_screenReaderMessage_1"
              id="DateInput__screen-reader-message-startDateId"
            >
              Press the down arrow key to interact with the calendar and
  select a date. Press the question mark key to get the keyboard shortcuts for changing dates.
            </p>
          </div>
          <div
            aria-hidden="true"
            class="DateRangePickerInput_arrow DateRangePickerInput_arrow_1"
            role="presentation"
          >
            <svg
              class="DateRangePickerInput_arrow_svg DateRangePickerInput_arrow_svg_1"
              focusable="false"
              viewBox="0 0 1000 1000"
            >
              <path
                d="M694 242l249 250c12 11 12 21 1 32L694 773c-5 5-10 7-16 7s-11-2-16-7c-11-11-11-21 0-32l210-210H68c-13 0-23-10-23-23s10-23 23-23h806L662 275c-21-22 11-54 32-33z"
              />
            </svg>
          </div>
          <div
            class="DateInput DateInput_1"
          >
            <input
              aria-describedby="DateInput__screen-reader-message-endDateId"
              aria-label="End Date"
              autocomplete="off"
              class="DateInput_input DateInput_input_1 DateInput_input__readOnly DateInput_input__readOnly_2"
              id="endDateId"
              name="endDateId"
              placeholder="End Date"
              readonly=""
              type="text"
              value="07/12/2019"
            />
            <p
              class="DateInput_screenReaderMessage DateInput_screenReaderMessage_1"
              id="DateInput__screen-reader-message-endDateId"
            >
              Press the down arrow key to interact with the calendar and
  select a date. Press the question mark key to get the keyboard shortcuts for changing dates.
            </p>
          </div>
        </div>
      </div>
    </div>
  </div>
</div>
`;
