// Jest Snapshot v1, https://goo.gl/fbAQLP

exports[`<ChallengesPage /> should render properly after loading 1`] = `
.emotion-0 {
  font-weight: 300;
  font-size: 30px;
  line-height: 38px;
  color: #505256;
  margin-bottom: 0px;
  margin-top: 48px;
  padding-left: 21px;
}

.emotion-36 {
  box-shadow: 0px 2px 12px rgba(0,0,0,0.2);
  background: #ffffff;
  border-radius: 8px;
  padding-left: 24px;
  padding-right: 24px;
  padding-top: 43px;
  margin-top: 36px;
}

.emotion-1 {
  font-weight: 300;
  font-size: 36px;
  line-height: 38px;
  color: #505256;
  margin-bottom: 12px;
  margin-top: 0px;
}

.emotion-2 {
  font-size: 14px;
  line-height: 20px;
  font-weight: normal;
  color: #505256;
  margin-top: 0;
  margin-bottom: -40px;
}

.emotion-35 {
  padding: 0;
  margin: 0 -24px;
}

.emotion-25 {
  table-layout: fixed;
  width: 100%;
}

.emotion-9 {
  text-align: left;
}

.emotion-3 {
  font-weight: normal;
  font-size: 14px;
  line-height: 60px;
  color: #B4B6BA;
  padding: 0 15px;
}

.emotion-16 {
  text-align: left;
  height: 64px;
}

.emotion-16:nth-of-type(odd) {
  background-color: #eceef2;
}

.emotion-10 {
  font-weight: normal;
  font-size: 14px;
  line-height: 20px;
  color: #505256;
  padding: 0 15px;
  max-width: 200px;
  overflow: hidden;
  text-overflow: ellipsis;
  white-space: nowrap;
}

.emotion-10:first-of-type {
  padding: 0 25px;
}

.emotion-10:last-child {
  padding: 0 5px;
}

.emotion-34 {
  width: 100%;
  height: 64px;
  display: -webkit-box;
  display: -webkit-flex;
  display: -ms-flexbox;
  display: flex;
  -webkit-align-items: center;
  -webkit-box-align: center;
  -ms-flex-align: center;
  align-items: center;
  -webkit-box-pack: center;
  -webkit-justify-content: center;
  -ms-flex-pack: center;
  justify-content: center;
}

.emotion-26 {
  height: 16px;
  width: 16px;
  background-size: contain;
  background-repeat: no-repeat;
  background-image: url(mockFile);
  margin-right: 20px;
}

.emotion-26.active {
  cursor: pointer;
  background-image: url(mockFile);
}

.emotion-32 {
  display: -webkit-box;
  display: -webkit-flex;
  display: -ms-flexbox;
  display: flex;
}

.emotion-27 {
  width: 32px;
  height: 32px;
  font-size: 14px;
  line-height: 20px;
  color: #B4B6BA;
  -webkit-align-items: center;
  -webkit-box-align: center;
  -ms-flex-align: center;
  align-items: center;
  display: -webkit-box;
  display: -webkit-flex;
  display: -ms-flexbox;
  display: flex;
  -webkit-box-pack: center;
  -webkit-justify-content: center;
  -ms-flex-pack: center;
  justify-content: center;
}

.emotion-27:not(:last-child) {
  margin-right: 4px;
}

.emotion-27.active {
  border-radius: 16px;
  background-color: #3CC8E6;
  color: #ffffff;
}

.emotion-33 {
  height: 16px;
  width: 16px;
  background-size: contain;
  background-repeat: no-repeat;
  background-image: url(mockFile);
  margin-left: 20px;
}

.emotion-33.active {
  cursor: pointer;
  background-image: url(mockFile);
}

<div>
  <div>
    <h1
      class="emotion-0"
    >
      This year, we have completed 41702 challenges.
       
    </h1>
    <div
      class="emotion-36"
    >
      <h1
        class="emotion-1"
      >
        Challenges
      </h1>
      <h2
        class="emotion-2"
      >
        Community challenges joined and completed.
      </h2>
      <div
        class="emotion-35"
      >
        <div>
          <table
            class="emotion-25"
          >
            <thead
              class="emotion-9"
            >
              <tr>
                <th
                  class="emotion-3"
                />
                <th
                  class="emotion-3"
                />
                <th
                  class="emotion-3"
                >
                  Joined
                </th>
                <th
                  class="emotion-3"
                >
                  Completed
                </th>
                <th
                  class="emotion-3"
                >
                  Length
                </th>
                <th
                  class="emotion-3"
                >
                  Dates
                </th>
              </tr>
            </thead>
            <tbody
              class="emotion-24"
            >
              <tr
                class="emotion-16"
              >
                <td
                  class="emotion-10"
                >
                  1
                </td>
                <td
                  class="emotion-10"
                >
                  repellat quisquam recusandae
                </td>
                <td
                  class="emotion-10"
                >
                  11
                </td>
                <td
                  class="emotion-10"
                >
                  12812 (116472%)
                </td>
                <td
                  class="emotion-10"
                >
                  -2543 Days
                </td>
                <td
                  class="emotion-10"
                >
                  01/05/2017 - 01/19/2010
                </td>
              </tr>
              <tr
                class="emotion-16"
              >
                <td
                  class="emotion-10"
                >
                  2
                </td>
                <td
                  class="emotion-10"
                >
                  ratione ut sunt
                </td>
                <td
                  class="emotion-10"
                >
                  39658
                </td>
                <td
                  class="emotion-10"
                >
                  18626 (46%)
                </td>
                <td
                  class="emotion-10"
                >
                  154 Days
                </td>
                <td
                  class="emotion-10"
                >
                  02/27/2016 - 07/31/2016
                </td>
              </tr>
            </tbody>
          </table>
          <div
            class="emotion-34"
          >
            <div
              class=" emotion-26"
            />
            <div
              class="emotion-32"
            >
              <div
                class="active emotion-27"
              >
                1
              </div>
              <div
                class=" emotion-27"
              >
                2
              </div>
              <div
                class=" emotion-27"
              >
                3
              </div>
              <div
                class=" emotion-27"
              >
                4
              </div>
              <div
                class=" emotion-27"
              >
                5
              </div>
            </div>
            <div
              class=" emotion-33"
            />
          </div>
        </div>
      </div>
    </div>
  </div>
</div>
`;

exports[`<ChallengesPage /> should render properly in loading state 1`] = `
.emotion-0 {
  font-weight: 300;
  font-size: 30px;
  line-height: 38px;
  color: #505256;
  margin-bottom: 0px;
  margin-top: 48px;
  padding-left: 21px;
}

.emotion-5 {
  box-shadow: 0px 2px 12px rgba(0,0,0,0.2);
  background: #ffffff;
  border-radius: 8px;
  padding-left: 24px;
  padding-right: 24px;
  padding-top: 43px;
  margin-top: 36px;
}

.emotion-1 {
  font-weight: 300;
  font-size: 36px;
  line-height: 38px;
  color: #505256;
  margin-bottom: 12px;
  margin-top: 0px;
}

.emotion-2 {
  font-size: 14px;
  line-height: 20px;
  font-weight: normal;
  color: #505256;
  margin-top: 0;
  margin-bottom: -40px;
}

.emotion-4 {
  padding: 0;
  margin: 0 -24px;
}

.emotion-3 {
  text-align: center;
  padding: 25px;
}

<div>
  <div>
    <h1
      class="emotion-0"
    >
      Gathering your stats...
    </h1>
    <div
      class="emotion-5"
    >
      <h1
        class="emotion-1"
      >
        Challenges
      </h1>
      <h2
        class="emotion-2"
      >
        Community challenges joined and completed.
      </h2>
      <div
        class="emotion-4"
      >
        <div
          class="emotion-3"
        >
          Loading...
        </div>
      </div>
    </div>
  </div>
</div>
`;
