// Jest Snapshot v1, https://goo.gl/fbAQLP

exports[`<StepsOfFaithAddedChart /> should render properly loading state 1`] = `
<div>
  <div
    class="css-15l45ju"
  >
    Loading...
  </div>
</div>
`;

exports[`<PersonalStepsMemberStagesChart /> should render properly with chart 1`] = `
<div>
  <div
    class="css-15l45ju"
  >
    <div
      style="position: relative;"
    >
      <svg
        height="400"
        role="img"
        width="848"
        xmlns="http://www.w3.org/2000/svg"
      >
        <rect
          fill="transparent"
          height="400"
          width="848"
        />
        <g
          transform="translate(30,30)"
        >
          <g>
            <line
              opacity="1"
              stroke="#ECEEF2"
              stroke-width="1"
              x1="0"
              x2="818"
              y1="280"
              y2="280"
            />
            <line
              opacity="1"
              stroke="#ECEEF2"
              stroke-width="1"
              x1="0"
              x2="818"
              y1="255"
              y2="255"
            />
            <line
              opacity="1"
              stroke="#ECEEF2"
              stroke-width="1"
              x1="0"
              x2="818"
              y1="229"
              y2="229"
            />
            <line
              opacity="1"
              stroke="#ECEEF2"
              stroke-width="1"
              x1="0"
              x2="818"
              y1="204"
              y2="204"
            />
            <line
              opacity="1"
              stroke="#ECEEF2"
              stroke-width="1"
              x1="0"
              x2="818"
              y1="178"
              y2="178"
            />
            <line
              opacity="1"
              stroke="#ECEEF2"
              stroke-width="1"
              x1="0"
              x2="818"
              y1="153"
              y2="153"
            />
            <line
              opacity="1"
              stroke="#ECEEF2"
              stroke-width="1"
              x1="0"
              x2="818"
              y1="127"
              y2="127"
            />
            <line
              opacity="1"
              stroke="#ECEEF2"
              stroke-width="1"
              x1="0"
              x2="818"
              y1="102"
              y2="102"
            />
            <line
              opacity="1"
              stroke="#ECEEF2"
              stroke-width="1"
              x1="0"
              x2="818"
              y1="76"
              y2="76"
            />
            <line
              opacity="1"
              stroke="#ECEEF2"
              stroke-width="1"
              x1="0"
              x2="818"
              y1="51"
              y2="51"
            />
            <line
              opacity="1"
              stroke="#ECEEF2"
              stroke-width="1"
              x1="0"
              x2="818"
              y1="25"
              y2="25"
            />
            <line
              opacity="1"
              stroke="#ECEEF2"
              stroke-width="1"
              x1="0"
              x2="818"
              y1="0"
              y2="0"
            />
          </g>
          <g
            transform="translate(0,280)"
          >
            <g
              style="opacity: 1;"
              transform="translate(239,0)"
            >
              <line
                style="stroke: #777777; stroke-width: 1;"
                x1="0"
                x2="0"
                y1="0"
                y2="0"
              />
              <text
                dominant-baseline="text-before-edge"
                style="font-weight: 600; letter-spacing: 1px; font-family: Source Sans Pro; font-size: 10px; fill: #B4B6BA;"
                text-anchor="middle"
                transform="translate(0,20) rotate(0)"
              >
                NO STAGE
              </text>
            </g>
            <g
              style="opacity: 1;"
              transform="translate(579,0)"
            >
              <line
                style="stroke: #777777; stroke-width: 1;"
                x1="0"
                x2="0"
                y1="0"
                y2="0"
              />
              <text
                dominant-baseline="text-before-edge"
                style="font-weight: 600; letter-spacing: 1px; font-family: Source Sans Pro; font-size: 10px; fill: #B4B6BA;"
                text-anchor="middle"
                transform="translate(0,20) rotate(0)"
              >
                UNINTERESTED
              </text>
            </g>
            <line
              style="stroke: transparent; stroke-width: 1;"
              x1="0"
              x2="818"
              y1="0"
              y2="0"
            />
          </g>
          <g
            transform="translate(0,0)"
          >
            <g
              style="opacity: 1;"
              transform="translate(0,280)"
            >
              <line
                style="stroke: #777777; stroke-width: 1;"
                x1="0"
                x2="0"
                y1="0"
                y2="0"
              />
              <text
                dominant-baseline="central"
                style="font-weight: 600; letter-spacing: 1px; font-family: Source Sans Pro; font-size: 10px; fill: #B4B6BA;"
                text-anchor="end"
                transform="translate(-5,0) rotate(0)"
              >
                0
              </text>
            </g>
            <g
              style="opacity: 1;"
              transform="translate(0,255)"
            >
              <line
                style="stroke: #777777; stroke-width: 1;"
                x1="0"
                x2="0"
                y1="0"
                y2="0"
              />
              <text
                dominant-baseline="central"
                style="font-weight: 600; letter-spacing: 1px; font-family: Source Sans Pro; font-size: 10px; fill: #B4B6BA;"
                text-anchor="end"
                transform="translate(-5,0) rotate(0)"
              >
                1
              </text>
            </g>
            <g
              style="opacity: 1;"
              transform="translate(0,229)"
            >
              <line
                style="stroke: #777777; stroke-width: 1;"
                x1="0"
                x2="0"
                y1="0"
                y2="0"
              />
              <text
                dominant-baseline="central"
                style="font-weight: 600; letter-spacing: 1px; font-family: Source Sans Pro; font-size: 10px; fill: #B4B6BA;"
                text-anchor="end"
                transform="translate(-5,0) rotate(0)"
              >
                2
              </text>
            </g>
            <g
              style="opacity: 1;"
              transform="translate(0,204)"
            >
              <line
                style="stroke: #777777; stroke-width: 1;"
                x1="0"
                x2="0"
                y1="0"
                y2="0"
              />
              <text
                dominant-baseline="central"
                style="font-weight: 600; letter-spacing: 1px; font-family: Source Sans Pro; font-size: 10px; fill: #B4B6BA;"
                text-anchor="end"
                transform="translate(-5,0) rotate(0)"
              >
                3
              </text>
            </g>
            <g
              style="opacity: 1;"
              transform="translate(0,178)"
            >
              <line
                style="stroke: #777777; stroke-width: 1;"
                x1="0"
                x2="0"
                y1="0"
                y2="0"
              />
              <text
                dominant-baseline="central"
                style="font-weight: 600; letter-spacing: 1px; font-family: Source Sans Pro; font-size: 10px; fill: #B4B6BA;"
                text-anchor="end"
                transform="translate(-5,0) rotate(0)"
              >
                4
              </text>
            </g>
            <g
              style="opacity: 1;"
              transform="translate(0,153)"
            >
              <line
                style="stroke: #777777; stroke-width: 1;"
                x1="0"
                x2="0"
                y1="0"
                y2="0"
              />
              <text
                dominant-baseline="central"
                style="font-weight: 600; letter-spacing: 1px; font-family: Source Sans Pro; font-size: 10px; fill: #B4B6BA;"
                text-anchor="end"
                transform="translate(-5,0) rotate(0)"
              >
                5
              </text>
            </g>
            <g
              style="opacity: 1;"
              transform="translate(0,127)"
            >
              <line
                style="stroke: #777777; stroke-width: 1;"
                x1="0"
                x2="0"
                y1="0"
                y2="0"
              />
              <text
                dominant-baseline="central"
                style="font-weight: 600; letter-spacing: 1px; font-family: Source Sans Pro; font-size: 10px; fill: #B4B6BA;"
                text-anchor="end"
                transform="translate(-5,0) rotate(0)"
              >
                6
              </text>
            </g>
            <g
              style="opacity: 1;"
              transform="translate(0,102)"
            >
              <line
                style="stroke: #777777; stroke-width: 1;"
                x1="0"
                x2="0"
                y1="0"
                y2="0"
              />
              <text
                dominant-baseline="central"
                style="font-weight: 600; letter-spacing: 1px; font-family: Source Sans Pro; font-size: 10px; fill: #B4B6BA;"
                text-anchor="end"
                transform="translate(-5,0) rotate(0)"
              >
                7
              </text>
            </g>
            <g
              style="opacity: 1;"
              transform="translate(0,76)"
            >
              <line
                style="stroke: #777777; stroke-width: 1;"
                x1="0"
                x2="0"
                y1="0"
                y2="0"
              />
              <text
                dominant-baseline="central"
                style="font-weight: 600; letter-spacing: 1px; font-family: Source Sans Pro; font-size: 10px; fill: #B4B6BA;"
                text-anchor="end"
                transform="translate(-5,0) rotate(0)"
              >
                8
              </text>
            </g>
            <g
              style="opacity: 1;"
              transform="translate(0,51)"
            >
              <line
                style="stroke: #777777; stroke-width: 1;"
                x1="0"
                x2="0"
                y1="0"
                y2="0"
              />
              <text
                dominant-baseline="central"
                style="font-weight: 600; letter-spacing: 1px; font-family: Source Sans Pro; font-size: 10px; fill: #B4B6BA;"
                text-anchor="end"
                transform="translate(-5,0) rotate(0)"
              >
                9
              </text>
            </g>
            <g
              style="opacity: 1;"
              transform="translate(0,25)"
            >
              <line
                style="stroke: #777777; stroke-width: 1;"
                x1="0"
                x2="0"
                y1="0"
                y2="0"
              />
              <text
                dominant-baseline="central"
                style="font-weight: 600; letter-spacing: 1px; font-family: Source Sans Pro; font-size: 10px; fill: #B4B6BA;"
                text-anchor="end"
                transform="translate(-5,0) rotate(0)"
              >
                10
              </text>
            </g>
            <g
              style="opacity: 1;"
              transform="translate(0,0)"
            >
              <line
                style="stroke: #777777; stroke-width: 1;"
                x1="0"
                x2="0"
                y1="0"
                y2="0"
              />
              <text
                dominant-baseline="central"
                style="font-weight: 600; letter-spacing: 1px; font-family: Source Sans Pro; font-size: 10px; fill: #B4B6BA;"
                text-anchor="end"
                transform="translate(-5,0) rotate(0)"
              >
                11
              </text>
            </g>
            <line
              style="stroke: transparent; stroke-width: 1;"
              x1="0"
              x2="0"
              y1="0"
              y2="280"
            />
          </g>
          <g>
            <g
              transform="translate(137, 25)"
            >
              <rect
                fill="#3CC8E6"
                height="255"
                rx="0"
                ry="0"
                stroke="#3CC8E6"
                stroke-width="0"
                width="204"
              />
            </g>
            <g
              transform="translate(477, 0)"
            >
              <rect
                fill="#3CC8E6"
                height="280"
                rx="0"
                ry="0"
                stroke="#3CC8E6"
                stroke-width="0"
                width="204"
              />
            </g>
          </g>
        </g>
      </svg>
    </div>
  </div>
</div>
`;
