// Jest Snapshot v1, https://goo.gl/fbAQLP

exports[`<StepsChart /> should render properly 1`] = `
.emotion-0 {
  height: 400px;
  position: relative;
}

<div>
  <div
    class="emotion-0"
  >
    Loading...
  </div>
</div>
`;

exports[`<StepsChart /> should render properly with data 1`] = `
.emotion-0 {
  height: 400px;
  position: relative;
}

.emotion-1 {
  height: 32px;
  display: -webkit-box;
  display: -webkit-flex;
  display: -ms-flexbox;
  display: flex;
  -webkit-box-pack: justify;
  -webkit-justify-content: space-between;
  -ms-flex-pack: justify;
  justify-content: space-between;
}

<div>
  <div
    class="emotion-0"
  >
    <div>
      <div
        class="emotion-0"
      >
        <div
          style="position: relative;"
        >
          <svg
            height="400"
            role="img"
            width="848"
            xmlns="http://www.w3.org/2000/svg"
          >
            <rect
              fill="transparent"
              height="400"
              width="848"
            />
            <g
              transform="translate(30,30)"
            >
              <g>
                <line
                  opacity="1"
                  stroke="#ECEEF2"
                  stroke-width="1"
                  x1="0"
                  x2="818"
                  y1="280"
                  y2="280"
                />
                <line
                  opacity="1"
                  stroke="#ECEEF2"
                  stroke-width="1"
                  x1="0"
                  x2="818"
                  y1="252"
                  y2="252"
                />
                <line
                  opacity="1"
                  stroke="#ECEEF2"
                  stroke-width="1"
                  x1="0"
                  x2="818"
                  y1="224"
                  y2="224"
                />
                <line
                  opacity="1"
                  stroke="#ECEEF2"
                  stroke-width="1"
                  x1="0"
                  x2="818"
                  y1="196"
                  y2="196"
                />
                <line
                  opacity="1"
                  stroke="#ECEEF2"
                  stroke-width="1"
                  x1="0"
                  x2="818"
                  y1="168"
                  y2="168"
                />
                <line
                  opacity="1"
                  stroke="#ECEEF2"
                  stroke-width="1"
                  x1="0"
                  x2="818"
                  y1="140"
                  y2="140"
                />
                <line
                  opacity="1"
                  stroke="#ECEEF2"
                  stroke-width="1"
                  x1="0"
                  x2="818"
                  y1="112"
                  y2="112"
                />
                <line
                  opacity="1"
                  stroke="#ECEEF2"
                  stroke-width="1"
                  x1="0"
                  x2="818"
                  y1="83"
                  y2="83"
                />
                <line
                  opacity="1"
                  stroke="#ECEEF2"
                  stroke-width="1"
                  x1="0"
                  x2="818"
                  y1="55"
                  y2="55"
                />
                <line
                  opacity="1"
                  stroke="#ECEEF2"
                  stroke-width="1"
                  x1="0"
                  x2="818"
                  y1="27"
                  y2="27"
                />
              </g>
              <g
                transform="translate(0,280)"
              >
                <g
                  style="opacity: 1;"
                  transform="translate(239,0)"
                >
                  <line
                    style="stroke: #777777; stroke-width: 1;"
                    x1="0"
                    x2="0"
                    y1="0"
                    y2="0"
                  />
                  <text
                    dominant-baseline="text-before-edge"
                    style="font-weight: 600; letter-spacing: 1px; font-family: Source Sans Pro; font-size: 10px; fill: #B4B6BA;"
                    text-anchor="middle"
                    transform="translate(0,20) rotate(0)"
                  >
                    NO STAGE
                  </text>
                </g>
                <g
                  style="opacity: 1;"
                  transform="translate(579,0)"
                >
                  <line
                    style="stroke: #777777; stroke-width: 1;"
                    x1="0"
                    x2="0"
                    y1="0"
                    y2="0"
                  />
                  <text
                    dominant-baseline="text-before-edge"
                    style="font-weight: 600; letter-spacing: 1px; font-family: Source Sans Pro; font-size: 10px; fill: #B4B6BA;"
                    text-anchor="middle"
                    transform="translate(0,20) rotate(0)"
                  >
                    UNINTERESTED
                  </text>
                </g>
                <line
                  style="stroke: transparent; stroke-width: 1;"
                  x1="0"
                  x2="818"
                  y1="0"
                  y2="0"
                />
              </g>
              <g
                transform="translate(0,0)"
              >
                <g
                  style="opacity: 1;"
                  transform="translate(0,280)"
                >
                  <line
                    style="stroke: #777777; stroke-width: 1;"
                    x1="0"
                    x2="0"
                    y1="0"
                    y2="0"
                  />
                  <text
                    dominant-baseline="central"
                    style="font-weight: 600; letter-spacing: 1px; font-family: Source Sans Pro; font-size: 10px; fill: #B4B6BA;"
                    text-anchor="end"
                    transform="translate(-5,0) rotate(0)"
                  >
                    0
                  </text>
                </g>
                <g
                  style="opacity: 1;"
                  transform="translate(0,252)"
                >
                  <line
                    style="stroke: #777777; stroke-width: 1;"
                    x1="0"
                    x2="0"
                    y1="0"
                    y2="0"
                  />
                  <text
                    dominant-baseline="central"
                    style="font-weight: 600; letter-spacing: 1px; font-family: Source Sans Pro; font-size: 10px; fill: #B4B6BA;"
                    text-anchor="end"
                    transform="translate(-5,0) rotate(0)"
                  >
                    10000
                  </text>
                </g>
                <g
                  style="opacity: 1;"
                  transform="translate(0,224)"
                >
                  <line
                    style="stroke: #777777; stroke-width: 1;"
                    x1="0"
                    x2="0"
                    y1="0"
                    y2="0"
                  />
                  <text
                    dominant-baseline="central"
                    style="font-weight: 600; letter-spacing: 1px; font-family: Source Sans Pro; font-size: 10px; fill: #B4B6BA;"
                    text-anchor="end"
                    transform="translate(-5,0) rotate(0)"
                  >
                    20000
                  </text>
                </g>
                <g
                  style="opacity: 1;"
                  transform="translate(0,196)"
                >
                  <line
                    style="stroke: #777777; stroke-width: 1;"
                    x1="0"
                    x2="0"
                    y1="0"
                    y2="0"
                  />
                  <text
                    dominant-baseline="central"
                    style="font-weight: 600; letter-spacing: 1px; font-family: Source Sans Pro; font-size: 10px; fill: #B4B6BA;"
                    text-anchor="end"
                    transform="translate(-5,0) rotate(0)"
                  >
                    30000
                  </text>
                </g>
                <g
                  style="opacity: 1;"
                  transform="translate(0,168)"
                >
                  <line
                    style="stroke: #777777; stroke-width: 1;"
                    x1="0"
                    x2="0"
                    y1="0"
                    y2="0"
                  />
                  <text
                    dominant-baseline="central"
                    style="font-weight: 600; letter-spacing: 1px; font-family: Source Sans Pro; font-size: 10px; fill: #B4B6BA;"
                    text-anchor="end"
                    transform="translate(-5,0) rotate(0)"
                  >
                    40000
                  </text>
                </g>
                <g
                  style="opacity: 1;"
                  transform="translate(0,140)"
                >
                  <line
                    style="stroke: #777777; stroke-width: 1;"
                    x1="0"
                    x2="0"
                    y1="0"
                    y2="0"
                  />
                  <text
                    dominant-baseline="central"
                    style="font-weight: 600; letter-spacing: 1px; font-family: Source Sans Pro; font-size: 10px; fill: #B4B6BA;"
                    text-anchor="end"
                    transform="translate(-5,0) rotate(0)"
                  >
                    50000
                  </text>
                </g>
                <g
                  style="opacity: 1;"
                  transform="translate(0,112)"
                >
                  <line
                    style="stroke: #777777; stroke-width: 1;"
                    x1="0"
                    x2="0"
                    y1="0"
                    y2="0"
                  />
                  <text
                    dominant-baseline="central"
                    style="font-weight: 600; letter-spacing: 1px; font-family: Source Sans Pro; font-size: 10px; fill: #B4B6BA;"
                    text-anchor="end"
                    transform="translate(-5,0) rotate(0)"
                  >
                    60000
                  </text>
                </g>
                <g
                  style="opacity: 1;"
                  transform="translate(0,83)"
                >
                  <line
                    style="stroke: #777777; stroke-width: 1;"
                    x1="0"
                    x2="0"
                    y1="0"
                    y2="0"
                  />
                  <text
                    dominant-baseline="central"
                    style="font-weight: 600; letter-spacing: 1px; font-family: Source Sans Pro; font-size: 10px; fill: #B4B6BA;"
                    text-anchor="end"
                    transform="translate(-5,0) rotate(0)"
                  >
                    70000
                  </text>
                </g>
                <g
                  style="opacity: 1;"
                  transform="translate(0,55)"
                >
                  <line
                    style="stroke: #777777; stroke-width: 1;"
                    x1="0"
                    x2="0"
                    y1="0"
                    y2="0"
                  />
                  <text
                    dominant-baseline="central"
                    style="font-weight: 600; letter-spacing: 1px; font-family: Source Sans Pro; font-size: 10px; fill: #B4B6BA;"
                    text-anchor="end"
                    transform="translate(-5,0) rotate(0)"
                  >
                    80000
                  </text>
                </g>
                <g
                  style="opacity: 1;"
                  transform="translate(0,27)"
                >
                  <line
                    style="stroke: #777777; stroke-width: 1;"
                    x1="0"
                    x2="0"
                    y1="0"
                    y2="0"
                  />
                  <text
                    dominant-baseline="central"
                    style="font-weight: 600; letter-spacing: 1px; font-family: Source Sans Pro; font-size: 10px; fill: #B4B6BA;"
                    text-anchor="end"
                    transform="translate(-5,0) rotate(0)"
                  >
                    90000
                  </text>
                </g>
                <line
                  style="stroke: transparent; stroke-width: 1;"
                  x1="0"
                  x2="0"
                  y1="0"
                  y2="280"
                />
              </g>
              <g>
                <g
                  transform="translate(137, 163)"
                >
                  <rect
                    fill="#3CC8E6"
                    height="117"
                    rx="0"
                    ry="0"
                    stroke="#3CC8E6"
                    stroke-width="0"
                    width="204"
                  />
                </g>
                <g
                  transform="translate(477, 0)"
                >
                  <rect
                    fill="#3CC8E6"
                    height="280"
                    rx="0"
                    ry="0"
                    stroke="#3CC8E6"
                    stroke-width="0"
                    width="204"
                  />
                </g>
              </g>
            </g>
          </svg>
        </div>
      </div>
      <div
        class="emotion-1"
      />
    </div>
  </div>
</div>
`;
