// Jest Snapshot v1, https://goo.gl/fbAQLP

exports[`<NullState /> for non ImpactInfo component Should render properly 1`] = `
.emotion-2 {
  width: 100%;
  height: 190px;
  display: -webkit-box;
  display: -webkit-flex;
  display: -ms-flexbox;
  display: flex;
  -webkit-flex-direction: column;
  -ms-flex-direction: column;
  flex-direction: column;
  -webkit-box-pack: center;
  -webkit-justify-content: center;
  -ms-flex-pack: center;
  justify-content: center;
  -webkit-align-items: center;
  -webkit-box-align: center;
  -ms-flex-align: center;
  align-items: center;
  background-color: #ffffff;
  border-radius: 8px;
}

.emotion-0 {
  text-align: center;
  width: 720px;
  color: #007398;
  font-size: 16px;
  font-weight: 300;
  line-height: 24px;
  margin: 0;
}

<div>
  <div
    class="emotion-2"
  >
    <img
      src="mockFile"
    />
    <p
      class="emotion-0"
    >
      This community does not have any members who have completed a personal step of faith. Challenge your
    </p>
    <p
      class="emotion-0"
    >
      community to open the MissionHub mobile app and complete a personal step of faith.
    </p>
  </div>
</div>
`;
