// Jest Snapshot v1, https://goo.gl/fbAQLP

exports[`<Layout /> should render properly 1`] = `
<div>
  <div
    class="css-nvnj86"
  >
    <div
      class="css-1jxaal1"
    >
      <a
        class="css-11b42wo"
        href="/ministries/undefined/insights/personal"
      >
        Personal Steps
      </a>
      <a
        class="css-11b42wo"
        href="/ministries/undefined/insights/steps"
      >
        Steps of Faith
      </a>
      <a
        class="css-11b42wo"
        href="/ministries/undefined/insights/interactions"
      >
        Interactions
      </a>
      <a
        class="css-11b42wo"
        href="/ministries/undefined/insights/challenges"
      >
        Challenges
      </a>
    </div>
    <div
      class="css-1vr8bhw"
    />
  </div>
</div>
`;
