// Jest Snapshot v1, https://goo.gl/fbAQLP

exports[`<StagesSummary /> should render properly 1`] = `
.emotion-28 {
  display: -webkit-box;
  display: -webkit-flex;
  display: -ms-flexbox;
  display: flex;
  -webkit-flex-direction: column;
  -ms-flex-direction: column;
  flex-direction: column;
}

.emotion-24 {
  display: -webkit-box;
  display: -webkit-flex;
  display: -ms-flexbox;
  display: flex;
  -webkit-flex-direction: row;
  -ms-flex-direction: row;
  flex-direction: row;
  -webkit-box-pack: space-around;
  -webkit-justify-content: space-around;
  -ms-flex-pack: space-around;
  justify-content: space-around;
}

.emotion-3 {
  display: -webkit-box;
  display: -webkit-flex;
  display: -ms-flexbox;
  display: flex;
  -webkit-flex-direction: column;
  -ms-flex-direction: column;
  flex-direction: column;
  -webkit-align-items: center;
  -webkit-box-align: center;
  -ms-flex-align: center;
  align-items: center;
}

.emotion-0 {
  height: 52px;
  width: 52px;
  background-size: contain;
  background-repeat: no-repeat;
}

.emotion-0.not-sure {
  background-image: url(mockFile);
}

.emotion-0.uninterested {
  background-image: url(mockFile);
}

.emotion-0.curious {
  background-image: url(mockFile);
}

.emotion-0.forgiven {
  background-image: url(mockFile);
}

.emotion-0.growing {
  background-image: url(mockFile);
}

.emotion-0.guiding {
  background-image: url(mockFile);
}

.emotion-0.discipleship-conversation {
  background-image: url(mockFile);
}

.emotion-0.personal-evangelism {
  background-image: url(mockFile);
}

.emotion-0.holy-spirit-presentation {
  background-image: url(mockFile);
}

.emotion-0.personal-evangelism-decisions {
  background-image: url(mockFile);
}

.emotion-0.spiritual-conversation {
  background-image: url(mockFile);
}

.emotion-1 {
  font-weight: 600;
  font-size: 9px;
  line-height: 14px;
  color: #B4B6BA;
  margin-top: 17px;
  text-transform: uppercase;
  overflow-wrap: break-word;
  width: 110px;
  text-align: center;
  height: 14px;
}

.emotion-2 {
  font-weight: 600;
  font-size: 32px;
  line-height: 38px;
  color: #007398;
  margin-top: 9px;
}

.emotion-27 {
  margin-top: 28px;
}

.emotion-26 {
  display: -webkit-box;
  display: -webkit-flex;
  display: -ms-flexbox;
  display: flex;
  -webkit-align-items: center;
  -webkit-box-align: center;
  -ms-flex-align: center;
  align-items: center;
}

.emotion-26 .DateRangePickerInput {
  display: -webkit-box;
  display: -webkit-flex;
  display: -ms-flexbox;
  display: flex;
}

.emotion-26 .DateInput {
  width: 108px;
  height: 32px;
  text-align: center;
  display: -webkit-box;
  display: -webkit-flex;
  display: -ms-flexbox;
  display: flex;
  -webkit-box-pack: center;
  -webkit-justify-content: center;
  -ms-flex-pack: center;
  justify-content: center;
  -webkit-align-items: center;
  -webkit-box-align: center;
  -ms-flex-align: center;
  align-items: center;
  background-color: #eceef2;
  text-align: center;
  border-radius: 0 16px 16px 0;
  overflow: hidden;
  cursor: pointer;
}

.emotion-26 .DateInput:first-of-type {
  border-radius: 16px 0 0 16px;
  margin-right: 1px;
}

.emotion-26 .DateInput:hover {
  background-color: #e2e2e2;
}

.emotion-26 .DateInput input[type='text']:focus {
  background-color: #e2e2e2;
}

.emotion-26 .DateInput_input {
  height: 100%;
  font-size: 14px;
  line-height: 20px;
  padding: 0;
  background-color: transparent;
  border-color: transparent;
  border-radius: 0;
  text-align: center;
  color: #505256;
  cursor: pointer;
}

.emotion-26 .CalendarDay__selected_span {
  background: #3CC8E6;
  color: white;
  border: 1px solid #2fb0d8;
}

.emotion-26 .CalendarDay__selected {
  background: #007398;
  color: white;
  border: 1px solid #2fb0d8;
}

.emotion-26 .CalendarDay__selected:hover {
  background: #007398;
  color: white;
}

.emotion-26 .CalendarDay__hovered_span:hover,
.emotion-26 .CalendarDay__hovered_span {
  background: #3CC8E6;
  border: 1px solid #2fb0d8;
  color: white;
}

.emotion-26 .DateRangePickerInput_arrow {
  display: none;
}

.emotion-26 .DateInput_fang {
  top: 56px;
}

.emotion-25 {
  background-image: url(mockFile);
  width: 24px;
  height: 24px;
  margin-right: 12px;
}

<div>
  <div
    class="emotion-28"
  >
    <div
      class="emotion-24"
    >
      <div
        class="emotion-3"
      >
        <div
          class="uninterested emotion-0"
        />
        <div
          class="emotion-1"
        >
          Uninterested
        </div>
        <div
          class="emotion-2"
        >
          -
        </div>
      </div>
      <div
        class="emotion-3"
      >
        <div
          class="curious emotion-0"
        />
        <div
          class="emotion-1"
        >
          Curious
        </div>
        <div
          class="emotion-2"
        >
          -
        </div>
      </div>
      <div
        class="emotion-3"
      >
        <div
          class="forgiven emotion-0"
        />
        <div
          class="emotion-1"
        >
          Forgiven
        </div>
        <div
          class="emotion-2"
        >
          -
        </div>
      </div>
      <div
        class="emotion-3"
      >
        <div
          class="growing emotion-0"
        />
        <div
          class="emotion-1"
        >
          Growing
        </div>
        <div
          class="emotion-2"
        >
          -
        </div>
      </div>
      <div
        class="emotion-3"
      >
        <div
          class="guiding emotion-0"
        />
        <div
          class="emotion-1"
        >
          Guiding
        </div>
        <div
          class="emotion-2"
        >
          -
        </div>
      </div>
      <div
        class="emotion-3"
      >
        <div
          class="not-sure emotion-0"
        />
        <div
          class="emotion-1"
        >
          Not Sure
        </div>
        <div
          class="emotion-2"
        >
          -
        </div>
      </div>
    </div>
    <div
      class="emotion-27"
    >
      <div
        class="emotion-26"
      >
        <div
          class="emotion-25"
        />
        <div
          class="DateRangePicker DateRangePicker_1"
        >
          <div>
            <div
              class="DateRangePickerInput DateRangePickerInput_1"
            >
              <div
                class="DateInput DateInput_1"
              >
                <input
                  aria-describedby="DateInput__screen-reader-message-startDateId"
                  aria-label="Start Date"
                  autocomplete="off"
                  class="DateInput_input DateInput_input_1 DateInput_input__readOnly DateInput_input__readOnly_2"
                  id="startDateId"
                  name="startDateId"
                  placeholder="Start Date"
                  readonly=""
                  type="text"
                  value="10/15/2019"
                />
                <p
                  class="DateInput_screenReaderMessage DateInput_screenReaderMessage_1"
                  id="DateInput__screen-reader-message-startDateId"
                >
                  Press the down arrow key to interact with the calendar and
  select a date. Press the question mark key to get the keyboard shortcuts for changing dates.
                </p>
              </div>
              <div
                aria-hidden="true"
                class="DateRangePickerInput_arrow DateRangePickerInput_arrow_1"
                role="presentation"
              >
                <svg
                  class="DateRangePickerInput_arrow_svg DateRangePickerInput_arrow_svg_1"
                  focusable="false"
                  viewBox="0 0 1000 1000"
                >
                  <path
                    d="M694 242l249 250c12 11 12 21 1 32L694 773c-5 5-10 7-16 7s-11-2-16-7c-11-11-11-21 0-32l210-210H68c-13 0-23-10-23-23s10-23 23-23h806L662 275c-21-22 11-54 32-33z"
                  />
                </svg>
              </div>
              <div
                class="DateInput DateInput_1"
              >
                <input
                  aria-describedby="DateInput__screen-reader-message-endDateId"
                  aria-label="End Date"
                  autocomplete="off"
                  class="DateInput_input DateInput_input_1 DateInput_input__readOnly DateInput_input__readOnly_2"
                  id="endDateId"
                  name="endDateId"
                  placeholder="End Date"
                  readonly=""
                  type="text"
                  value="10/22/2019"
                />
                <p
                  class="DateInput_screenReaderMessage DateInput_screenReaderMessage_1"
                  id="DateInput__screen-reader-message-endDateId"
                >
                  Press the down arrow key to interact with the calendar and
  select a date. Press the question mark key to get the keyboard shortcuts for changing dates.
                </p>
              </div>
            </div>
          </div>
        </div>
      </div>
    </div>
  </div>
</div>
`;
