// Jest Snapshot v1, https://goo.gl/fbAQLP

exports[`<StepsOfFaithPage /> should render properly 1`] = `
<div>
  <div>
    <div
      class="css-w2m1ij"
    >
      <h1
        class="css-5j0tpf"
      >
        Steps of Faith
      </h1>
      <h2
        class="css-140lofm"
      />
      <div
        class="css-1izl14o"
      />
    </div>
  </div>
</div>
`;
